prisma:error 
Invalid `db.businessLine.findFirst()` invocation in
/home/asns/projects/AdvancedSystems/agency-os/apps/web/seed-client.ts:5:46

  2 
  3 async function main() {
  4   // 1. Find the agency BusinessLine
→ 5   const businessLine = await db.businessLine.findFirst(
error: Error validating datasource `db`: the URL must start with the protocol `postgresql://` or `postgres://`.
  -->  schema.prisma:9
   | 
 8 |   provider = "postgresql"
 9 |   url      = env("DATABASE_URL")
   | 

Validation Error Count: 1
PrismaClientInitializationError: 
Invalid `db.businessLine.findFirst()` invocation in
/home/asns/projects/AdvancedSystems/agency-os/apps/web/seed-client.ts:5:46

  2 
  3 async function main() {
  4   // 1. Find the agency BusinessLine
→ 5   const businessLine = await db.businessLine.findFirst(
error: Error validating datasource `db`: the URL must start with the protocol `postgresql://` or `postgres://`.
  -->  schema.prisma:9
   | 
 8 |   provider = "postgresql"
 9 |   url      = env("DATABASE_URL")
   | 

Validation Error Count: 1
    at ei.handleRequestError (/home/asns/projects/AdvancedSystems/agency-os/node_modules/@prisma/client/src/runtime/RequestHandler.ts:242:13)
    at ei.handleAndLogRequestError (/home/asns/projects/AdvancedSystems/agency-os/node_modules/@prisma/client/src/runtime/RequestHandler.ts:174:12)
    at ei.request (/home/asns/projects/AdvancedSystems/agency-os/node_modules/@prisma/client/src/runtime/RequestHandler.ts:143:12)
    at async a (/home/asns/projects/AdvancedSystems/agency-os/node_modules/@prisma/client/src/runtime/getPrismaClient.ts:833:24)
    at async main (/home/asns/projects/AdvancedSystems/agency-os/apps/web/seed-client.ts:5:24) {
  clientVersion: '6.19.3',
  errorCode: undefined,
  retryable: undefined
}
