nohup: ignoring input

[31m[1m>>>> In-memory PM2 is out-of-date, do:[22m[39m
[31m[1m>>>> $ pm2 update[22m[39m
In memory PM2 version: [34m[1m6.0.8[22m[39m
Local PM2 version: [34m[1m6.0.13[22m[39m

[32m[PM2] [39mApplying action stopProcessId on app [all](ids: [
   0,  1, 2, 3, 4,
   5,  6, 7, 8, 9,
  10, 11
])
[32m[PM2] [39m[all](0) ✓
[32m[PM2] [39m[debitare-plasma](1) ✓
[32m[PM2] [39m[openwa](2) ✓
[32m[PM2] [39m[Oferte-API](3) ✓
[32m[PM2] [39m[Oferte-ASNS](4) ✓
[32m[PM2] [39m[tdg-resurse-umane](6) ✓
[32m[PM2] [39m[tdg-new-test](5) ✓
[32m[PM2] [39m[albalocal-production](7) ✓
[32m[PM2] [39m[inchideriterase](8) ✓
[32m[PM2] [39m[openwa-dashboard](9) ✓
[32m[PM2] [39m[climaticpro-prod](10) ✓
[32m[PM2] [39m[intraconstruct-frontend](11) ✓
┌────┬────────────────────────────┬─────────────┬─────────┬─────────┬──────────┬────────┬──────┬───────────┬──────────┬──────────┬──────────┬──────────┐
│ id │ name                       │ namespace   │ version │ mode    │ pid      │ uptime │ ↺    │ status    │ cpu      │ mem      │ user     │ watching │
├────┼────────────────────────────┼─────────────┼─────────┼─────────┼──────────┼────────┼──────┼───────────┼──────────┼──────────┼──────────┼──────────┤
│ [1m[36m3[39m[22m  │ Oferte-API                 │ default     │ 1.0.0   │ [7m[1mfork[22m[27m    │ 0        │ 0      │ 1    │ [31m[1mstopped[22m[39m   │ 0%       │ 0b       │ [1masns[22m     │ [90mdisabled[39m │
│ [1m[36m4[39m[22m  │ Oferte-ASNS                │ default     │ 1.0.0   │ [7m[1mfork[22m[27m    │ 0        │ 0      │ 1    │ [31m[1mstopped[22m[39m   │ 0%       │ 0b       │ [1masns[22m     │ [90mdisabled[39m │
│ [1m[36m7[39m[22m  │ albalocal-production       │ default     │ N/A     │ [7m[1mfork[22m[27m    │ 0        │ 0      │ 1    │ [31m[1mstopped[22m[39m   │ 0%       │ 0b       │ [1masns[22m     │ [90mdisabled[39m │
│ [1m[36m0[39m[22m  │ chirurgia-tiroidei         │ default     │ N/A     │ [34m[1mcluster[22m[39m │ 0        │ 0      │ 284  │ [31m[1mstopped[22m[39m   │ 0%       │ 0b       │ [1masns[22m     │ [90mdisabled[39m │
│ [1m[36m10[39m[22m │ climaticpro-prod           │ default     │ 0.39.7  │ [7m[1mfork[22m[27m    │ 0        │ 0      │ 48   │ [31m[1mstopped[22m[39m   │ 0%       │ 0b       │ [1masns[22m     │ [90mdisabled[39m │
│ [1m[36m1[39m[22m  │ debitare-plasma            │ default     │ 0.1.0   │ [34m[1mcluster[22m[39m │ 0        │ 0      │ 0    │ [31m[1mstopped[22m[39m   │ 0%       │ 0b       │ [1masns[22m     │ [90mdisabled[39m │
│ [1m[36m8[39m[22m  │ inchideriterase            │ default     │ 0.1.0   │ [34m[1mcluster[22m[39m │ 0        │ 0      │ 1    │ [31m[1mstopped[22m[39m   │ 0%       │ 0b       │ [1masns[22m     │ [90mdisabled[39m │
│ [1m[36m11[39m[22m │ intraconstruct-frontend    │ default     │ 0.39.7  │ [7m[1mfork[22m[27m    │ 0        │ 0      │ 1    │ [31m[1mstopped[22m[39m   │ 0%       │ 0b       │ [1masns[22m     │ [90mdisabled[39m │
│ [1m[36m2[39m[22m  │ openwa                     │ default     │ 0.1.6   │ [7m[1mfork[22m[27m    │ 0        │ 0      │ 0    │ [31m[1mstopped[22m[39m   │ 0%       │ 0b       │ [1masns[22m     │ [90mdisabled[39m │
│ [1m[36m9[39m[22m  │ openwa-dashboard           │ default     │ 6.0.8   │ [7m[1mfork[22m[27m    │ 0        │ 0      │ 1    │ [31m[1mstopped[22m[39m   │ 0%       │ 0b       │ [1masns[22m     │ [90mdisabled[39m │
│ [1m[36m5[39m[22m  │ tdg-new-test               │ default     │ N/A     │ [7m[1mfork[22m[27m    │ 0        │ 0      │ 1    │ [31m[1mstopped[22m[39m   │ 0%       │ 0b       │ [1masns[22m     │ [90mdisabled[39m │
│ [1m[36m6[39m[22m  │ tdg-resurse-umane          │ default     │ 0.1.0   │ [7m[1mfork[22m[27m    │ 0        │ 0      │ 1    │ [31m[1mstopped[22m[39m   │ 0%       │ 0b       │ [1masns[22m     │ [90mdisabled[39m │
└────┴────────────────────────────┴─────────────┴─────────┴─────────┴──────────┴────────┴──────┴───────────┴──────────┴──────────┴──────────┴──────────┘

> web@0.1.0 build
> next build

⚠ `eslint` configuration in next.config.js is no longer supported. See more info here: https://nextjs.org/docs/app/api-reference/cli/next#next-lint-options
⚠ Invalid next.config.js options detected: 
⚠     Unrecognized key(s) in object: 'eslint'
⚠ See more info here: https://nextjs.org/docs/messages/invalid-next-config
▲ Next.js 16.2.0 (Turbopack)
- Environments: .env.local, .env

⚠ The "middleware" file convention is deprecated. Please use "proxy" instead. Learn more: https://nextjs.org/docs/messages/middleware-to-proxy
  Creating an optimized production build ...
Killed
npm error Lifecycle script `build` failed with error:
npm error code 137
npm error path /home/asns/projects/AdvancedSystems/agency-os/apps/web
npm error workspace web@0.1.0
npm error location /home/asns/projects/AdvancedSystems/agency-os/apps/web
npm error command failed
npm error command sh -c next build

[31m[1m>>>> In-memory PM2 is out-of-date, do:[22m[39m
[31m[1m>>>> $ pm2 update[22m[39m
In memory PM2 version: [34m[1m6.0.8[22m[39m
Local PM2 version: [34m[1m6.0.13[22m[39m

[32m[PM2] [39mApplying action restartProcessId on app [all](ids: [
   0,  1, 2, 3, 4,
   5,  6, 7, 8, 9,
  10, 11
])
[32m[PM2] [39m[debitare-plasma](1) ✓
[32m[PM2] [39m[chirurgia-tiroidei](0) ✓
[32m[PM2] [39m[openwa](2) ✓
[32m[PM2] [39m[Oferte-API](3) ✓
[32m[PM2] [39m[Oferte-ASNS](4) ✓
[32m[PM2] [39m[tdg-new-test](5) ✓
[32m[PM2] [39m[tdg-resurse-umane](6) ✓
[32m[PM2] [39m[albalocal-production](7) ✓
[32m[PM2] [39m[openwa-dashboard](9) ✓
[32m[PM2] [39m[climaticpro-prod](10) ✓
[32m[PM2] [39m[inchideriterase](8) ✓
[32m[PM2] [39m[intraconstruct-frontend](11) ✓
[32m[PM2] [39mProcess successfully started
┌────┬────────────────────────────┬─────────────┬─────────┬─────────┬──────────┬────────┬──────┬───────────┬──────────┬──────────┬──────────┬──────────┐
│ id │ name                       │ namespace   │ version │ mode    │ pid      │ uptime │ ↺    │ status    │ cpu      │ mem      │ user     │ watching │
├────┼────────────────────────────┼─────────────┼─────────┼─────────┼──────────┼────────┼──────┼───────────┼──────────┼──────────┼──────────┼──────────┤
│ [1m[36m3[39m[22m  │ Oferte-API                 │ default     │ 1.0.0   │ [7m[1mfork[22m[27m    │ 3076800  │ 0s     │ 1    │ [32m[1monline[22m[39m    │ 0%       │ 41.6mb   │ [1masns[22m     │ [90mdisabled[39m │
│ [1m[36m4[39m[22m  │ Oferte-ASNS                │ default     │ 1.0.0   │ [7m[1mfork[22m[27m    │ 3076809  │ 0s     │ 1    │ [32m[1monline[22m[39m    │ 0%       │ 46.6mb   │ [1masns[22m     │ [90mdisabled[39m │
│ [1m[36m7[39m[22m  │ albalocal-production       │ default     │ N/A     │ [7m[1mfork[22m[27m    │ 3076887  │ 0s     │ 1    │ [32m[1monline[22m[39m    │ 0%       │ 39.5mb   │ [1masns[22m     │ [90mdisabled[39m │
│ [1m[36m0[39m[22m  │ chirurgia-tiroidei         │ default     │ N/A     │ [34m[1mcluster[22m[39m │ 3076604  │ 0s     │ 284  │ [32m[1monline[22m[39m    │ 0%       │ 51.8mb   │ [1masns[22m     │ [90mdisabled[39m │
│ [1m[36m10[39m[22m │ climaticpro-prod           │ default     │ 0.39.7  │ [7m[1mfork[22m[27m    │ 3076950  │ 0s     │ 48   │ [32m[1monline[22m[39m    │ 0%       │ 38.6mb   │ [1masns[22m     │ [90mdisabled[39m │
│ [1m[36m1[39m[22m  │ debitare-plasma            │ default     │ 0.1.0   │ [34m[1mcluster[22m[39m │ 3076614  │ 0s     │ 0    │ [32m[1monline[22m[39m    │ 0%       │ 50.6mb   │ [1masns[22m     │ [90mdisabled[39m │
│ [1m[36m8[39m[22m  │ inchideriterase            │ default     │ 0.1.0   │ [34m[1mcluster[22m[39m │ 3076873  │ 0s     │ 1    │ [32m[1monline[22m[39m    │ 0%       │ 46.7mb   │ [1masns[22m     │ [90mdisabled[39m │
│ [1m[36m11[39m[22m │ intraconstruct-frontend    │ default     │ 0.39.7  │ [7m[1mfork[22m[27m    │ 3076963  │ 0s     │ 1    │ [32m[1monline[22m[39m    │ 0%       │ 44.7mb   │ [1masns[22m     │ [90mdisabled[39m │
│ [1m[36m2[39m[22m  │ openwa                     │ default     │ 0.1.6   │ [7m[1mfork[22m[27m    │ 3076786  │ 0s     │ 0    │ [32m[1monline[22m[39m    │ 0%       │ 47.4mb   │ [1masns[22m     │ [90mdisabled[39m │
│ [1m[36m9[39m[22m  │ openwa-dashboard           │ default     │ 6.0.8   │ [7m[1mfork[22m[27m    │ 3076923  │ 0s     │ 1    │ [32m[1monline[22m[39m    │ 0%       │ 34.9mb   │ [1masns[22m     │ [90mdisabled[39m │
│ [1m[36m5[39m[22m  │ tdg-new-test               │ default     │ N/A     │ [7m[1mfork[22m[27m    │ 3076838  │ 0s     │ 1    │ [32m[1monline[22m[39m    │ 0%       │ 51.0mb   │ [1masns[22m     │ [90mdisabled[39m │
│ [1m[36m6[39m[22m  │ tdg-resurse-umane          │ default     │ 0.1.0   │ [7m[1mfork[22m[27m    │ 3076852  │ 0s     │ 1    │ [32m[1monline[22m[39m    │ 0%       │ 47.6mb   │ [1masns[22m     │ [90mdisabled[39m │
└────┴────────────────────────────┴─────────────┴─────────┴─────────┴──────────┴────────┴──────┴───────────┴──────────┴──────────┴──────────┴──────────┘
